==========================================================================================================
==========================================================================================================
			Welcome to the Open Source program DFT-FE version	1.1.0-pre		        
This is a C++ code for materials modeling from first principles using Kohn-Sham density functional theory.
This is a real-space code for periodic, semi-periodic and non-periodic pseudopotential
and all-electron calculations, and is based on adaptive finite-element discretization.
For further details, and citing, please refer to our website: https://sites.google.com/umich.edu/dftfe
==========================================================================================================
 DFT-FE Mentors and Development leads (alphabetically) :									
														
 Sambit Das               - University of Michigan, USA
 Vikram Gavini            - University of Michigan, USA
 Phani Motamarri          - Indian Institute of Science, India
 (A complete list of the many authors that have contributed to DFT-FE can be found in the authors file)
==========================================================================================================
 	     Copyright (c) 2017-2025 The Regents of the University of Michigan and DFT-FE authors         
 			DFT-FE is published under [LGPL v2.1 or newer] 				
==========================================================================================================
==========================================================================================================
 DFT-FE branch: workshopBranch, commit: a18af6ab64d1aabd7281b89530763d1703e62543
 compiled with GPU support, using CUDA, with device-aware MPI support, with NCCL support, with OpenMP support, with 64 bit integers, and with HIGHERQUAD_PSP
==========================================================================================================
set RESTART        = false
set RESTART FOLDER = restartFolder
set SOLVER MODE    = NSCF
set USE GPU        = true
set VERBOSITY      = 1
subsection NEB
  set ALLOW IMAGE FREEZING             = false
  set BFGS STEP METHOD                 = QN
  set ION RELAX FLAGS FILE             =
  set LBFGS HISTORY                    = 5
  set MAXIMUM ION UPDATE STEP          = 0.5
  set MAXIMUM NUMBER OF NEB ITERATIONS = 100
  set MAXIMUM SPRING CONSTANT          = 5e-3
  set MAX LINE SEARCH ITER             = 5
  set MINIMUM SPRING CONSTANT          = 2e-3
  set NEB COORDINATES FILE             =
  set NEB DOMAIN VECTORS FILE          =
  set NEB OPT SOLVER                   = LBFGS
  set NUMBER OF IMAGES                 = 7
  set PATH THRESHOLD                   = 5e-4
end
set KEEP SCRATCH FOLDER                             = false
set MEM OPT MODE                                    = true
set REPRODUCIBLE OUTPUT                             = false
set WRITE STRUCTURE ENERGY FORCES DATA POST PROCESS = false
subsection Boundary conditions
  set APPLY NEUMANN BOUNDARY CONDITION   = false
  set CONSTRAINTS FROM SERIAL DOFHANDLER = false
  set CONSTRAINTS PARALLEL CHECK         = false
  set FLOATING NUCLEAR CHARGES           = true
  set MULTIPOLE BOUNDARY CONDITIONS      = true
  set PERIODIC1                          = false
  set PERIODIC2                          = false
  set PERIODIC3                          = false
  set POINT WISE DIRICHLET CONSTRAINT    = false
  set SELF POTENTIAL RADIUS              = 0.0
  set SMEARED NUCLEAR CHARGES            = true
end
subsection Brillouin zone k point sampling options
  set USE GROUP SYMMETRY         = false
  set USE TIME REVERSAL SYMMETRY = false
  set kPOINT RULE FILE           =
  subsection Monkhorst-Pack (MP) grid generation
    set SAMPLING POINTS 1 = 1
    set SAMPLING POINTS 2 = 1
    set SAMPLING POINTS 3 = 1
    set SAMPLING SHIFT 1  = 0
    set SAMPLING SHIFT 2  = 0
    set SAMPLING SHIFT 3  = 0
  end
end
subsection DFT functional parameters
  set AUX BASIS DATA                                    =
  set AUX BASIS TYPE                                    = FE
  set EXCHANGE CORRELATION TYPE                         = GGA-PBE
  set INITAL FRACTIONAL OCCUPANCY LIST                  =
  set MODEL XC INPUT FILE                               =
  set NET CHARGE                                        = 0.0
  set NONCOLLINEAR SPIN                                 = true
  set PAW GPU XC EVALUATION                             = true
  set PSEUDOPOTENTIAL CALCULATION                       = true
  set PSEUDOPOTENTIAL FILE NAMES LIST                   = pseudo.inp
  set PSEUDO TESTS FLAG                                 = false
  set PSP CUTOFF IMAGE CHARGES                          = 15.0
  set SPIN POLARIZATION                                 = 0
  set SPIN-ORBIT COUPLING                               = false
  set TOTAL MAGNETIZATION                               = 0.0
  set USE ATOMIC MAGNETIZATION GUESS FOR CONSTRAINT MAG = false
  set USE LIBXC FOR XC FUNCTIONAL EVALUATION            = true
  subsection CONFINING POTENTIAL parameters
    set APPLY CONFINING POTENTIAL = false
    set C PARAM                   = 1.0
    set INNER RADIUS              = 17.0
    set OUTER RADIUS              = 20.0
    set W PARAM                   = 1.0
  end
  subsection Dispersion Correction
    set CN CUTOFF                  = 40.0
    set D3 ATM                     = false
    set D3 DAMPING TYPE            = 3
    set D4 MBD                     = false
    set DAMPING PARAMETERS FILE    =
    set DISPERSION CORRECTION TYPE = 0
    set THREE BODY CUTOFF          = 40.0
    set TWO BODY CUTOFF            = 94.8683298050514
  end
  subsection Hubbard Parameters
    set HUBBARD PARAMETERS FILE =
  end
end
subsection Finite element mesh parameters
  set DENSITY QUADRATURE RULE          = 0
  set LOCAL POTENTIAL QUADRATURE COPY  = 0
  set LOCAL POTENTIAL QUADRATURE ORDER = 0
  set NON LOCAL PSP QUADRATURE COPY    = 0
  set NON LOCAL PSP QUADRATURE ORDER   = 0
  set NUCLEAR CHARGE QUADRATURE COPY   = 0
  set NUCLEAR CHARGE QUADRATURE ORDER  = 0
  set POLYNOMIAL ORDER                 = 6
  set POLYNOMIAL ORDER DENSITY NODAL   = 0
  set POLYNOMIAL ORDER ELECTROSTATICS  = 0
  set USE HIGH QUADRATURE RULE         = true
  subsection Auto mesh generation parameters
    set ATOM BALL RADIUS                  = 4
    set AUTO ADAPT BASE MESH SIZE         = true
    set BASE MESH SIZE                    = 0.0
    set GAUSSIAN CONSTANT FORCE GENERATOR = 0.75
    set GAUSSIAN ORDER FORCE GENERATOR    = 4.0
    set GAUSSIAN ORDER MOVE MESH TO ATOMS = 4.0
    set INNER ATOM BALL RADIUS            = 0.0
    set MESH SIZES FILE                   =
    set MESH SIZE AROUND ATOM             = 0.8
    set MESH SIZE AT ATOM                 = 0.0
    set NUM LEVELS                        = 10
    set TOP FRAC                          = 0.1
    set USE FLAT TOP GENERATOR            = false
  end
end
subsection FunctionalTest
  set TEST NAME =
end
subsection GPU
  set AUTO GPU BLOCK SIZES         = true
  set FINE GRAINED GPU TIMINGS     = false
  set SUBSPACE ROT FULL CPU MEM    = true
  set USE DCCL                     = false
  set USE ELPA GPU KERNEL          = false
  set USE GPUDIRECT MPI ALL REDUCE = false
end
subsection Geometry
  set ATOMIC COORDINATES FILE      = coordinates.inp
  set ATOMIC DISP COORDINATES FILE =
  set DOMAIN VECTORS FILE          = domainVectors.inp
  set NATOMS                       = 30
  set NATOM TYPES                  = 2
  subsection Optimization
    set BFGS STEP METHOD           = QN
    set CELL CONSTRAINT TYPE       = 12
    set CELL OPT SOLVER            = LBFGS
    set CELL STRESS                = false
    set FORCE TOL                  = 1e-4
    set ION FORCE                  = false
    set ION OPT SOLVER             = LBFGS
    set ION RELAX FLAGS FILE       =
    set LBFGS HISTORY              = 5
    set MAXIMUM CELL UPDATE STEP   = 0.1
    set MAXIMUM ION UPDATE STEP    = 0.5
    set MAXIMUM OPTIMIZATION STEPS = 300
    set MAXIMUM STAGGERED CYCLES   = 300
    set MAX LINE SEARCH ITER       = 5
    set NON SELF CONSISTENT FORCE  = false
    set OPTIMIZATION MODE          = ION
    set REUSE DENSITY              = 1
    set REUSE WFC                  = true
    set STRESS TOL                 = 1e-6
    set USE PRECONDITIONER         = false
  end
end
subsection Helmholtz problem parameters
  set ABSOLUTE TOLERANCE HELMHOLTZ = 1e-10
  set MAXIMUM ITERATIONS HELMHOLTZ = 10000
end
subsection Molecular Dynamics
  set ATOMIC MASSES FILE          =
  set BOMD                        = false
  set EXTRAPOLATE DENSITY         = 0
  set MAX JACOBIAN RATIO FACTOR   = 1.5
  set MAX WALL TIME               = 2592000.0
  set NUMBER OF STEPS             = 1000
  set STARTING TEMPERATURE        = 300.0
  set TEMPERATURE CONTROLLER TYPE = NO_CONTROL
  set THERMOSTAT TIME CONSTANT    = 100
  set TIME STEP                   = 0.5
  set TRACKING ATOMIC NO          = 0
end
subsection Parallelization
  set BAND PARAL OPT           = true
  set MPI ALLREDUCE BLOCK SIZE = 100.0
  set NPBAND                   = 1
  set NPKPT                    = 1
end
subsection Poisson problem parameters
  set GPU MODE           = true
  set MAXIMUM ITERATIONS = 20000
  set TOLERANCE          = 1e-10
  set VSELF GPU MODE     = true
end
subsection Post-processing Options
  set DELTA ENERGY                       = 0.01
  set DOS SMEAR TEMPERATURE              = 500
  set PRINT KINETIC ENERGY               = false
  set READ ATOMIC WFC PDOS FROM PSP FILE = false
  set WRITE DENSITY FE MESH              = false
  set WRITE DENSITY OF STATES            = false
  set WRITE DENSITY QUAD DATA            = false
  set WRITE LOCALIZATION LENGTHS         = false
  set WRITE LOCAL DENSITY OF STATES      = false
  set WRITE PROJECTED DENSITY OF STATES  = false
  set WRITE WFC FE MESH                  = false
end
subsection SCF Checkpointing and Restart
  set LOAD DELTA SINVERSE DATA            = false
  set LOAD DIJ DATA                       = false
  set LOAD QUAD DATA                      = true
  set MAG PHI                             = 90
  set MAG THETA                           = 0
  set RESTART NONCOLLINEAR FROM COLLINEAR = true
  set RESTART SP FROM NO SP               = false
  set SAVE DELTA SINVERSE DATA            = false
  set SAVE DIJ DATA                       = false
  set SAVE QUAD DATA                      = false
end
subsection SCF parameters
  set ADAPT ANDERSON MIXING PARAMETER         = false
  set COMPUTE ENERGY EACH ITER                = false
  set CONSTRAINT MAGNETIZATION                = false
  set ENERGY TOLERANCE                        = 1e-07
  set FIXED OCCUPANCY FILE                    =
  set INVERSE KERKER MIXING PARAMETER         = 0.0
  set KERKER MIXING PARAMETER                 = 0.05
  set MAXIMUM ITERATIONS                      = 200
  set MIXING HISTORY                          = 10
  set MIXING METHOD                           = ANDERSON_WITH_RESTA
  set MIXING PARAMETER                        = 0.3
  set NUMBER OF ATOM CENTERED SHAPE FUNCTIONS = 3
  set PURE STATE                              = false
  set RESTA FERMI WAVEVECTOR                  = 5.81
  set RESTA SCREENING LENGTH                  = 6.61
  set SPHERICAL QUADRATURE                    = 0
  set SPIN MIXING ENHANCEMENT FACTOR          = 1.0
  set STARTING WFC                            = RANDOM
  set TEMPERATURE                             = 10
  set TOLERANCE                               = 1e-6
  set USE APPROX DELTA MATRIX                 = false
  set USE ENERGY RESIDUAL METRIC              = false
  set USE FIXED OCCUPANCY                     = false
  set USE GRAD PHI MIXING                     = false
  set USE TOTAL CHARGE DENSITY MIXING         = true
  subsection Eigen-solver parameters
    set ADAPTIVE USAGE BELOW FP32 PREC                       = true
    set ALGO                                                 = NORMAL
    set ALLOW MULTIPLE PASSES POST FIRST SCF                 = true
    set CHEBYSHEV FILTER TOLERANCE                           = 1e-6
    set CHEBYSHEV POLYNOMIAL DEGREE                          = 0
    set CHEBYSHEV POLYNOMIAL DEGREE SCALING FACTOR FIRST SCF = 1.34
    set CHEBY WFC BLOCK SIZE                                 = 200
    set COMMUN PREC CHEBY                                    = STANDARD
    set HIGHEST STATE OF INTEREST FOR CHEBYSHEV FILTERING    = 0
    set NUMBER OF CORE EIGEN STATES FOR MIXED PREC RR        = 0
    set NUMBER OF KOHN-SHAM WAVEFUNCTIONS                    = 0
    set ORTHOGONALIZATION TYPE                               = Auto
    set OVERLAP COMPUTE COMMUN CHEBY                         = true
    set OVERLAP COMPUTE COMMUN ORTHO RR                      = true
    set RESTRICT TO SINGLE FILTER PASS                       = false
    set REUSE LANCZOS UPPER BOUND                            = false
    set SCALAPACKPROCS                                       = 0
    set SCALAPACK BLOCK SIZE                                 = 0
    set SUBSPACE PROJ SHEP GPU                               = false
    set SUBSPACE ROT DOFS BLOCK SIZE                         = 10000
    set TENSOR OP TYPE SINGLE PREC CHEBY                     = FP32
    set USE APPROXIMATE OVERLAP MATRIX                       = true
    set USE ELPA                                             = true
    set USE MIXED PREC CGS SR                                = false
    set USE MIXED PREC COMMUN ONLY XTOX XTHX                 = false
    set USE MIXED PREC RR_SR                                 = false
    set USE MIXED PREC XTHX                                  = false
    set USE MIXED PREC XTOX                                  = false
    set USE RESIDUAL CHFSI                                   = true
    set USE SINGLE PREC CHEBY                                = false
    set WFC BLOCK SIZE                                       = 400
  end
  subsection LOW RANK DIELECM PRECOND
    set ADAPTIVE RANK REL TOL            = 0.3
    set BETA TOL                         = 0.1
    set ESTIMATE JAC CONDITION NO        = false
    set METHOD SUB TYPE                  = ADAPTIVE
    set POISSON SOLVER ABS TOL           = 1e-6
    set STARTING NORM LARGE DAMPING      = 2.0
    set USE SINGLE PREC DENSITY RESPONSE = false
  end
end
Setting ORTHOGONALIZATION TYPE=CGS for pseudopotential calculations 
=================================MPI Parallelization=========================================
Total number of MPI tasks: 48
k-point parallelization processor groups: 1
Band parallelization processor groups: 1
Number of MPI tasks for finite-element domain decomposition: 48
============================================================================================
Threads per MPI task: 8
number of atoms: 30
number of atoms types: 2
 Setting the number of Kohn-Sham wave functions to be 10 percent more than the HIGHEST STATE OF INTEREST FOR CHEBYSHEV FILTERING 595
 Setting the number of Kohn-Sham wave functions for Device run to be: 600
 Setting CHEBY WFC BLOCK SIZE for Device run to be 100
 Setting WFC BLOCK SIZE for Device run to be 100

Reading Pseudo-potential data for each atom from the list given in : pseudo.inp
 Reading Pseudopotential File: FeSR.upf, with atomic number: 26, has data for nonlinear core-correction, and has no SOC
 Reading Pseudopotential File: PtSR.upf, with atomic number: 78, has data for nonlinear core-correction, and has no SOC
Total number of k-points 1
-----------Reciprocal vectors along which the MP grid is to be generated-------------
G1 : 0.000000000000000000e+00 0.000000000000000000e+00 0.000000000000000000e+00
G2 : 0.000000000000000000e+00 0.000000000000000000e+00 0.000000000000000000e+00
G3 : 0.000000000000000000e+00 0.000000000000000000e+00 0.000000000000000000e+00
Atleast one atom has pseudopotential with nonlinear core correction
Atomic system initialization, wall time: 0.456162s.
-----------Simulation Domain bounding vectors (lattice vectors in fully periodic case)-------------
v1 : 5.000000000000000000e+01 0.000000000000000000e+00 0.000000000000000000e+00
v2 : 0.000000000000000000e+00 5.000000000000000000e+01 0.000000000000000000e+00
v3 : 0.000000000000000000e+00 0.000000000000000000e+00 5.000000000000000000e+01
-----------------------------------------------------------------------------------------
------------Cartesian coordinates of atoms (origin at center of domain)------------------
AtomId 0:  -4.991456849000000418e+00 4.991421773799999961e+00 -3.582315589699999858e+00
AtomId 1:  -1.815000000000000040e-07 -1.868699999999999998e-06 -3.496100798600000115e+00
AtomId 2:  -2.359999999999999957e-08 -5.353144701399999761e+00 -3.328261289099999853e+00
AtomId 3:  4.991456003099999705e+00 4.991421640899999623e+00 -3.582315417099999788e+00
AtomId 4:  4.991469197499999844e+00 -4.991426487900000097e+00 -3.582293669999999874e+00
AtomId 5:  -4.184999999999999954e-07 5.353151852499999919e+00 -3.328260483499999811e+00
AtomId 6:  -4.991469179100000098e+00 -4.991426445700000158e+00 -3.582293915999999800e+00
AtomId 7:  5.353204671500000345e+00 1.139500000000000059e-06 -3.328254727600000074e+00
AtomId 8:  -5.353205145999999637e+00 1.173100000000000042e-06 -3.328254815599999805e+00
AtomId 9:  2.551369201300000000e+00 -2.551324566199999921e+00 9.290000000000000469e-08
AtomId 10:  7.183176549699999747e+00 2.879630838399999782e+00 7.959999999999999809e-08
AtomId 11:  -2.551369502500000053e+00 -2.551324511899999870e+00 1.509999999999999955e-08
AtomId 12:  7.183196145900000218e+00 -2.879608020400000079e+00 1.362999999999999963e-07
AtomId 13:  -7.183177274000000168e+00 2.879630873800000046e+00 -9.649999999999999722e-08
AtomId 14:  -2.879630951899999847e+00 7.183092137500000085e+00 -2.089999999999999855e-08
AtomId 15:  2.879615037000000211e+00 -7.183102982400000336e+00 7.639999999999999591e-08
AtomId 16:  -2.551363035400000090e+00 2.551316431600000101e+00 3.700000000000000044e-09
AtomId 17:  2.879629939400000005e+00 7.183092192900000228e+00 1.740000000000000030e-08
AtomId 18:  -2.879615334999999998e+00 -7.183102904200000083e+00 -1.000000000000000021e-08
AtomId 19:  -7.183196413000000113e+00 -2.879608262000000085e+00 -9.279999999999999718e-08
AtomId 20:  2.551362303399999920e+00 2.551316444499999836e+00 7.140000000000000407e-08
AtomId 21:  -4.991456954900000298e+00 4.991421786100000091e+00 3.582315423099999840e+00
AtomId 22:  5.353204685499999727e+00 1.189500000000000004e-06 3.328254845400000050e+00
AtomId 23:  -2.739999999999999918e-07 -1.867200000000000097e-06 3.496100730999999850e+00
AtomId 24:  4.991455982299999761e+00 4.991421744800000226e+00 3.582315434599999904e+00
AtomId 25:  4.991469089199999765e+00 -4.991426475299999943e+00 3.582293824999999821e+00
AtomId 26:  -4.790999999999999954e-07 5.353151936799999788e+00 3.328260443000000013e+00
AtomId 27:  -1.326999999999999905e-07 -5.353144794600000367e+00 3.328261310199999823e+00
AtomId 28:  -4.991469307700000080e+00 -4.991426446400000216e+00 3.582293776199999780e+00
AtomId 29:  -5.353205347900000355e+00 1.178400000000000017e-06 3.328254646200000000e+00
-----------------------------------------------------------------------------------------
Libxc version: 7.0.0
X Functional: J. P. Perdew, K. Burke, and M. Ernzerhof.,  Phys. Rev. Lett. 77, 3865 (1996) (DOI 10.1103/PhysRevLett.77.3865)
C Functional: J. P. Perdew, K. Burke, and M. Ernzerhof.,  Phys. Rev. Lett. 77, 3865 (1996) (DOI 10.1103/PhysRevLett.77.3865)

Finite element mesh information
-------------------------------------------------
FE interpolating polynomial order for Kohn-Sham eigenvalue problem: 6
FE interpolating polynomial order for electrostatics solve: 6
FE interpolating polynomial order for nodal electron density computation: 8
quadrature rule for electron density and kinetic energy density computation: 9
number of elements: 14232
number of degrees of freedom for the Kohn-Sham eigenvalue problem : 3211441
Minimum mesh size: 7.812500000000000000e-01
-------------------------------------------------

-----------------------------------------------------------------------------
Rough estimate of peak memory requirement (RAM) total: 1.010745840000000015e+02 GB.
Rough estimate of peak memory requirement (RAM) per MPI task: 2.105720499999999884e+00 GB.
DFT-FE Message: many of the memory optimizations implemented
in DFT-FE are useful only for larger system sizes.
-----------------------------------------------------------------------------
Determining the ball radius around the atom for nuclear self-potential solve... 
...Adaptively set ball radius: 4.000000000000000000e+00

Setting initial guess for wavefunctions....
Number of wavefunctions generated randomly to be used as initial guess for starting the SCF : 600
=============================================================================================================================
number of electrons: 5.160000000000000000e+02
number of eigen values: 600
=============================================================================================================================
Loading Density data from Quadrature checkpoint......
Reading Quad data from checkpoint in progress...
Reading Quad data done...
Reading Quad data from checkpoint in progress...
Reading Quad data done...
Reading Quad data from checkpoint in progress...
Reading Quad data done...
Reading Quad data from checkpoint in progress...
Reading Quad data done...
Total charge from quadrature data input: 5.159999999999995453e+02
load Quad density, wall time: 15.4836s.

Pseudopotential initalization....

Reading data for core electron-density to be used in nonlinear core-correction.....
KSDFT problem initialization, wall time: 54.4959s.
Nuclear self-potential solve, wall time: 3.7413s.
Init local PSP, wall time: 8.25064s.
Starting NSCF iteration....
Fermi Energy computed: -1.652240648003301671e-01
Wall time for the above scf iteration: 2.014080667069999890e+02 seconds
Number of Chebyshev filtered subspace iterations: 15


Energy computations (Hartree)
-------------------------------------------------------------------------------
Band energy                                         :  -6.7009074771247538e+02
Exchange energy                                     :  -6.0405292829965128e+02
Correlation energy                                  :  -3.6636324804975985e+01
Total internal energy                               :  -3.8537132992618804e+03
Total internal energy per atom                      :  -1.2845710997539601e+02
-------------------------------------------------------------------------------
Total energy  : -3.853713299261880366e+03
Total entropic energy: 0.000000000000000000e+00
Total free energy: -3.853713299261880366e+03
Total nscf solve, wall time: 202.446s.

------------------DFT-FE ground-state solve completed---------------------------


+---------------------------------------------+------------+------------+
| Total wallclock time elapsed since start    | 2.721e+02s |            |
|                                             |            |            |
| Section                         | no. calls |  wall time | % of total |
+---------------------------------+-----------+------------+------------+
| Atomic system initialization    |         1 | 4.562e-01s |  1.68e-01% |
| Init local PSP                  |         1 | 8.251e+00s |  3.03e+00% |
| KSDFT problem initialization    |         1 | 5.450e+01s |  2.00e+01% |
| Nuclear self-potential solve    |         1 | 3.741e+00s |  1.37e+00% |
| Total nscf solve                |         1 | 2.024e+02s |  7.44e+01% |
| load Quad density               |         1 | 1.548e+01s |  5.69e+00% |
+---------------------------------+-----------+------------+------------+

=============================================================================================
DFT-FE Program ends. Elapsed wall time since start of the program: 2.770029117330000190e+02 seconds.
=============================================================================================
